Parallel Configuration Cache is an incubating feature.
Reusing configuration cache.
> Task :clean
> Task :processTestResources
> Task :processResources
> Task :compileJava FROM-CACHE
> Task :classes
> Task :compileTestJava FROM-CACHE
> Task :testClasses
OpenJDK 64-Bit Server VM warning: Sharing is only supported for boot loader classes because bootstrap classpath has been appended
OpenJDK 64-Bit Server VM warning: Sharing is only supported for boot loader classes because bootstrap classpath has been appended
OpenJDK 64-Bit Server VM warning: Sharing is only supported for boot loader classes because bootstrap classpath has been appended
OpenJDK 64-Bit Server VM warning: Sharing is only supported for boot loader classes because bootstrap classpath has been appended
OpenJDK 64-Bit Server VM warning: Sharing is only supported for boot loader classes because bootstrap classpath has been appended
OpenJDK 64-Bit Server VM warning: Sharing is only supported for boot loader classes because bootstrap classpath has been appended
OpenJDK 64-Bit Server VM warning: Sharing is only supported for boot loader classes because bootstrap classpath has been appended
OpenJDK 64-Bit Server VM warning: Sharing is only supported for boot loader classes because bootstrap classpath has been appended
OpenJDK 64-Bit Server VM warning: Sharing is only supported for boot loader classes because bootstrap classpath has been appended
OpenJDK 64-Bit Server VM warning: Sharing is only supported for boot loader classes because bootstrap classpath has been appended
OpenJDK 64-Bit Server VM warning: Sharing is only supported for boot loader classes because bootstrap classpath has been appended
OpenJDK 64-Bit Server VM warning: Sharing is only supported for boot loader classes because bootstrap classpath has been appended
> Task :test

ForkloreApplicationTests > contextLoads() FAILED
    java.lang.IllegalStateException at DefaultCacheAwareContextLoaderDelegate.java:195
        Caused by: org.springframework.beans.factory.BeanCreationException at AbstractAutowireCapableBeanFactory.java:1817
            Caused by: org.hibernate.service.spi.ServiceException at AbstractServiceRegistryImpl.java:273
                Caused by: org.hibernate.HibernateException at DialectFactoryImpl.java:190

BaseEntityTest > BaseEntity를 상속받은 엔티티 저장 시 생성/수정 시간이 자동 저장된다 FAILED
    java.lang.IllegalStateException at DefaultCacheAwareContextLoaderDelegate.java:195
        Caused by: org.springframework.beans.factory.BeanCreationException at AbstractAutowireCapableBeanFactory.java:1817
            Caused by: org.hibernate.service.spi.ServiceException at AbstractServiceRegistryImpl.java:273
                Caused by: org.hibernate.HibernateException at DialectFactoryImpl.java:190

GlobalExceptionHandlerTest > BusinessException 발생 시 표준 에러 응답 포맷을 반환한다 FAILED
    java.lang.IllegalStateException at DefaultCacheAwareContextLoaderDelegate.java:195
        Caused by: org.springframework.beans.factory.BeanCreationException at AbstractAutowireCapableBeanFactory.java:1817
            Caused by: org.hibernate.service.spi.ServiceException at AbstractServiceRegistryImpl.java:273
                Caused by: org.hibernate.HibernateException at DialectFactoryImpl.java:190

OpenJDK 64-Bit Server VM warning: Sharing is only supported for boot loader classes because bootstrap classpath has been appended

> Task :test

UserControllerTest > 내 프로필 조회 FAILED
    java.lang.IllegalStateException at DefaultCacheAwareContextLoaderDelegate.java:195
        Caused by: org.springframework.context.ApplicationContextException at ServletWebServerApplicationContext.java:167
            Caused by: org.springframework.boot.web.server.WebServerException at TomcatWebServer.java:150
                Caused by: org.springframework.beans.factory.UnsatisfiedDependencyException at ConstructorResolver.java:804
                    Caused by: org.springframework.beans.factory.UnsatisfiedDependencyException at ConstructorResolver.java:804
                        Caused by: org.springframework.boot.context.properties.ConfigurationPropertiesBindException at ConfigurationPropertiesBindingPostProcessor.java:104
                            Caused by: org.springframework.boot.context.properties.bind.BindException at Binder.java:418
                                Caused by: org.springframework.core.convert.ConversionFailedException at ConversionUtils.java:47
                                    Caused by: java.lang.NumberFormatException at NumberFormatException.java:67

UserControllerTest > 내 프로필 수정 FAILED
    java.lang.IllegalStateException at DefaultCacheAwareContextLoaderDelegate.java:157

UserControllerTest > 비밀번호 변경 FAILED
    java.lang.IllegalStateException at DefaultCacheAwareContextLoaderDelegate.java:157

AuthControllerTest > 로그인 API 성공 FAILED
    java.lang.IllegalStateException at DefaultCacheAwareContextLoaderDelegate.java:195
        Caused by: org.springframework.context.ApplicationContextException at ServletWebServerApplicationContext.java:167
            Caused by: org.springframework.boot.web.server.WebServerException at TomcatWebServer.java:150
                Caused by: org.springframework.beans.factory.UnsatisfiedDependencyException at ConstructorResolver.java:804
                    Caused by: org.springframework.beans.factory.UnsatisfiedDependencyException at ConstructorResolver.java:804
                        Caused by: org.springframework.boot.context.properties.ConfigurationPropertiesBindException at ConfigurationPropertiesBindingPostProcessor.java:104
                            Caused by: org.springframework.boot.context.properties.bind.BindException at Binder.java:418
                                Caused by: org.springframework.core.convert.ConversionFailedException at ConversionUtils.java:47
                                    Caused by: java.lang.NumberFormatException at NumberFormatException.java:67

AuthControllerTest > 회원가입 API 성공 FAILED
    java.lang.IllegalStateException at DefaultCacheAwareContextLoaderDelegate.java:157

OpenJDK 64-Bit Server VM warning: Sharing is only supported for boot loader classes because bootstrap classpath has been appended
OpenJDK 64-Bit Server VM warning: Sharing is only supported for boot loader classes because bootstrap classpath has been appended
OpenJDK 64-Bit Server VM warning: Sharing is only supported for boot loader classes because bootstrap classpath has been appended
OpenJDK 64-Bit Server VM warning: Sharing is only supported for boot loader classes because bootstrap classpath has been appended
2026-01-03T01:08:48.454Z  INFO 64026 --- [ionShutdownHook] j.LocalContainerEntityManagerFactoryBean : Closing JPA EntityManagerFactory for persistence unit 'default'
Hibernate: 
    drop table if exists branch_link_requests cascade 
Hibernate: 
    drop table if exists branch_votes cascade 
Hibernate: 
    drop table if exists branches cascade 
Hibernate: 
    drop table if exists chapters cascade 
Hibernate: 
    drop table if exists novels cascade 
Hibernate: 
    drop table if exists purchases cascade 
Hibernate: 
    drop table if exists refresh_tokens cascade 
Hibernate: 
    drop table if exists subscriptions cascade 
Hibernate: 
    drop table if exists test_entity cascade 
Hibernate: 
    drop table if exists users cascade 
2026-01-03T01:08:48.901Z  INFO 64097 --- [ionShutdownHook] j.LocalContainerEntityManagerFactoryBean : Closing JPA EntityManagerFactory for persistence unit 'default'
Hibernate: 
    drop table if exists branch_link_requests cascade 
Hibernate: 
    drop table if exists branch_votes cascade 
Hibernate: 
    drop table if exists branches cascade 
Hibernate: 
    drop table if exists chapters cascade 
Hibernate: 
    drop table if exists novels cascade 
Hibernate: 
    drop table if exists purchases cascade 
Hibernate: 
    drop table if exists refresh_tokens cascade 
Hibernate: 
    drop table if exists subscriptions cascade 
Hibernate: 
    drop table if exists test_entity cascade 
Hibernate: 
    drop table if exists users cascade 
2026-01-03T01:08:48.962Z  INFO 63571 --- [ionShutdownHook] j.LocalContainerEntityManagerFactoryBean : Closing JPA EntityManagerFactory for persistence unit 'default'
Hibernate: 
    drop table if exists branch_link_requests cascade 
Hibernate: 
    drop table if exists branch_votes cascade 
Hibernate: 
    drop table if exists branches cascade 
Hibernate: 
    drop table if exists chapters cascade 
Hibernate: 
    drop table if exists novels cascade 
Hibernate: 
    drop table if exists purchases cascade 
Hibernate: 
    drop table if exists refresh_tokens cascade 
Hibernate: 
    drop table if exists subscriptions cascade 
Hibernate: 
    drop table if exists test_entity cascade 
Hibernate: 
    drop table if exists users cascade 
2026-01-03T01:08:49.153Z  INFO 63598 --- [ionShutdownHook] j.LocalContainerEntityManagerFactoryBean : Closing JPA EntityManagerFactory for persistence unit 'default'
Hibernate: 
    drop table if exists branch_link_requests cascade 
Hibernate: 
    drop table if exists branch_votes cascade 
Hibernate: 
    drop table if exists branches cascade 
Hibernate: 
    drop table if exists chapters cascade 
Hibernate: 
    drop table if exists novels cascade 
Hibernate: 
    drop table if exists purchases cascade 
Hibernate: 
    drop table if exists refresh_tokens cascade 
Hibernate: 
    drop table if exists subscriptions cascade 
Hibernate: 
    drop table if exists test_entity cascade 
Hibernate: 
    drop table if exists users cascade 
OpenJDK 64-Bit Server VM warning: Sharing is only supported for boot loader classes because bootstrap classpath has been appended
OpenJDK 64-Bit Server VM warning: Sharing is only supported for boot loader classes because bootstrap classpath has been appended
OpenJDK 64-Bit Server VM warning: Sharing is only supported for boot loader classes because bootstrap classpath has been appended
OpenJDK 64-Bit Server VM warning: Sharing is only supported for boot loader classes because bootstrap classpath has been appended
2026-01-03T01:08:59.572Z  INFO 63751 --- [ionShutdownHook] j.LocalContainerEntityManagerFactoryBean : Closing JPA EntityManagerFactory for persistence unit 'default'
Hibernate: 
    drop table if exists branch_link_requests cascade 
Hibernate: 
    drop table if exists branch_votes cascade 
Hibernate: 
    drop table if exists branches cascade 
Hibernate: 
    drop table if exists chapters cascade 
Hibernate: 
    drop table if exists novels cascade 
Hibernate: 
    drop table if exists purchases cascade 
Hibernate: 
    drop table if exists refresh_tokens cascade 
Hibernate: 
    drop table if exists subscriptions cascade 
Hibernate: 
    drop table if exists test_entity cascade 
Hibernate: 
    drop table if exists users cascade 
2026-01-03T01:08:59.585Z  INFO 63751 --- [ionShutdownHook] com.zaxxer.hikari.HikariDataSource       : HikariPool-1 - Shutdown initiated...
2026-01-03T01:08:59.586Z  INFO 63751 --- [ionShutdownHook] com.zaxxer.hikari.HikariDataSource       : HikariPool-1 - Shutdown completed.
2026-01-03T01:09:00.200Z  INFO 63824 --- [ionShutdownHook] j.LocalContainerEntityManagerFactoryBean : Closing JPA EntityManagerFactory for persistence unit 'default'
Hibernate: 
    drop table if exists branch_link_requests cascade 
Hibernate: 
    drop table if exists branch_votes cascade 
Hibernate: 
    drop table if exists branches cascade 
Hibernate: 
    drop table if exists chapters cascade 
Hibernate: 
    drop table if exists novels cascade 
Hibernate: 
    drop table if exists purchases cascade 
Hibernate: 
    drop table if exists refresh_tokens cascade 
Hibernate: 
    drop table if exists subscriptions cascade 
Hibernate: 
    drop table if exists test_entity cascade 
Hibernate: 
    drop table if exists users cascade 
2026-01-03T01:09:00.215Z  INFO 63824 --- [ionShutdownHook] com.zaxxer.hikari.HikariDataSource       : HikariPool-1 - Shutdown initiated...
2026-01-03T01:09:00.216Z  INFO 63824 --- [ionShutdownHook] com.zaxxer.hikari.HikariDataSource       : HikariPool-1 - Shutdown completed.
2026-01-03T01:09:03.470Z  INFO 64053 --- [ionShutdownHook] o.s.boot.tomcat.GracefulShutdown         : Commencing graceful shutdown. Waiting for active requests to complete
2026-01-03T01:09:03.471Z  INFO 64053 --- [tomcat-shutdown] o.s.boot.tomcat.GracefulShutdown         : Graceful shutdown complete
2026-01-03T01:09:03.607Z  INFO 64053 --- [ionShutdownHook] j.LocalContainerEntityManagerFactoryBean : Closing JPA EntityManagerFactory for persistence unit 'default'
Hibernate: 
    drop table if exists branch_link_requests cascade 
Hibernate: 
    drop table if exists branch_votes cascade 
Hibernate: 
    drop table if exists branches cascade 
Hibernate: 
    drop table if exists chapters cascade 
Hibernate: 
    drop table if exists novels cascade 
Hibernate: 
    drop table if exists purchases cascade 
Hibernate: 
    drop table if exists refresh_tokens cascade 
Hibernate: 
    drop table if exists subscriptions cascade 
Hibernate: 
    drop table if exists test_entity cascade 
Hibernate: 
    drop table if exists users cascade 
2026-01-03T01:09:03.622Z  INFO 64053 --- [ionShutdownHook] com.zaxxer.hikari.HikariDataSource       : HikariPool-1 - Shutdown initiated...
2026-01-03T01:09:03.623Z  INFO 64053 --- [ionShutdownHook] com.zaxxer.hikari.HikariDataSource       : HikariPool-1 - Shutdown completed.
2026-01-03T01:09:06.795Z  INFO 63995 --- [ionShutdownHook] o.s.boot.tomcat.GracefulShutdown         : Commencing graceful shutdown. Waiting for active requests to complete
2026-01-03T01:09:06.798Z  INFO 63995 --- [tomcat-shutdown] o.s.boot.tomcat.GracefulShutdown         : Graceful shutdown complete
2026-01-03T01:09:06.846Z  INFO 63995 --- [ionShutdownHook] j.LocalContainerEntityManagerFactoryBean : Closing JPA EntityManagerFactory for persistence unit 'default'
Hibernate: 
    drop table if exists branch_link_requests cascade 
Hibernate: 
    drop table if exists branch_votes cascade 
Hibernate: 
    drop table if exists branches cascade 
Hibernate: 
    drop table if exists chapters cascade 
Hibernate: 
    drop table if exists novels cascade 
Hibernate: 
    drop table if exists purchases cascade 
Hibernate: 
    drop table if exists refresh_tokens cascade 
Hibernate: 
    drop table if exists subscriptions cascade 
Hibernate: 
    drop table if exists test_entity cascade 
Hibernate: 
    drop table if exists users cascade 
2026-01-03T01:09:06.863Z  INFO 63995 --- [ionShutdownHook] com.zaxxer.hikari.HikariDataSource       : HikariPool-1 - Shutdown initiated...
2026-01-03T01:09:06.865Z  INFO 63995 --- [ionShutdownHook] com.zaxxer.hikari.HikariDataSource       : HikariPool-1 - Shutdown completed.

> Task :test

107 tests completed, 8 failed

> Task :test FAILED

FAILURE: Build failed with an exception.

* What went wrong:
Execution failed for task ':test'.
> There were failing tests. See the report at: file:///workspaces/ForkLore/backend/build/reports/tests/test/index.html

* Try:
> Run with --scan to generate a Build Scan (powered by Develocity).

BUILD FAILED in 1m 11s
6 actionable tasks: 4 executed, 2 from cache
Configuration cache entry reused.
